
CommandNotFoundError: Your shell has not been properly configured to use 'conda activate'.
To initialize your shell, run

    $ conda init <SHELL_NAME>

Currently supported shells are:
  - bash
  - fish
  - tcsh
  - xonsh
  - zsh
  - powershell

See 'conda init --help' for more information and options.

IMPORTANT: You may need to close and restart your shell after running 'conda init'.


Traceback (most recent call last):
  File "model_finetune.py", line 245, in <module>
    train(config)
  File "model_finetune.py", line 169, in train
    model = _build_model(config).to(device)
  File "/dartfs-hpc/rc/home/x/f006twx/.local/lib/python3.8/site-packages/torch/nn/modules/module.py", line 1174, in to
    return self._apply(convert)
  File "/dartfs-hpc/rc/home/x/f006twx/.local/lib/python3.8/site-packages/torch/nn/modules/module.py", line 780, in _apply
    module._apply(fn)
  File "/dartfs-hpc/rc/home/x/f006twx/.local/lib/python3.8/site-packages/torch/nn/modules/module.py", line 805, in _apply
    param_applied = fn(param)
  File "/dartfs-hpc/rc/home/x/f006twx/.local/lib/python3.8/site-packages/torch/nn/modules/module.py", line 1160, in convert
    return t.to(
RuntimeError: PyTorch is not linked with support for mps devices
